// Jest Snapshot v1, https://goo.gl/fbAQLP

exports[`Display Component should render correctly 1`] = `ShallowWrapper {}`;
